// Jest Snapshot v1, https://goo.gl/fbAQLP

exports[`<Title /> render component 1`] = `
.c0 {
  color: red;
  font-size: 50px;
}

<div>
  <span
    class="c0"
  >
    Test
  </span>
</div>
`;
